<html>
<body>
<pre>
<h1>µVision Build Log</h1>
<h2>Tool Versions:</h2>
IDE-Version: µVision V5.23.0.0
Copyright (C) 2017 ARM Ltd and ARM Germany GmbH. All rights reserved.
License Information: HAW Hamburg HAW Hamburg HAW Hamburg Flex license: MDK-ARM Professional: 40 user(s) (mdk_pro) Support: Nov 2017
 
Tool Versions:
Toolchain:       MDK-ARM Professional: 40 user(s)  Version: 5.23
Toolchain Path:  C:\Keil_v5\ARM\ARMCC\Bin
C Compiler:      Armcc.exe V5.06 update 4 (build 422)
Assembler:       Armasm.exe V5.06 update 4 (build 422)
Linker/Locator:  ArmLink.exe V5.06 update 4 (build 422)
Library Manager: ArmAr.exe V5.06 update 4 (build 422)
Hex Converter:   FromElf.exe V5.06 update 4 (build 422)
CPU DLL:         SARMCM3.DLL V5.23
Dialog DLL:      DCM.DLL V1.15.0.0
Target DLL:      ULP2CM3.DLL V2.207.8.0
Dialog DLL:      TCM.DLL V1.27.0.0
 
<h2>Project:</h2>
C:\MyProjects\Keil\ISenPraktikum2\ISenPraktikum2.uvproj
Project File Date:  05/02/2017

<h2>Output:</h2>
*** Using Compiler 'V5.06 update 4 (build 422)', folder: 'C:\Keil_v5\ARM\ARMCC\Bin'
Rebuild target 'ISenPraktikum2'
assembling startup_stm32f4xx.s...
compiling Retarget.c...
compiling TI_Lib.c...
compiling TI_Board_ADC.c...
compiling TI_Board_IO.c...
compiling Usart.c...
compiling stm32f4xx_it.c...
compiling tft.c...
compiling system_stm32f4xx.c...
compiling main.c...
main.c(48): warning:  #550-D: variable "oldCall"  was set but never used
  	int oldCall = 0;;
main.c: 1 warning, 0 errors
compiling misc.c...
compiling stm32f4xx_gpio.c...
compiling stm32f4xx_rcc.c...
compiling stm32f4xx_usart.c...
compiling stm32f4xx_adc.c...
compiling stm32f4xx_dma.c...
linking...
Program Size: Code=17264 RO-data=424 RW-data=68 ZI-data=37756  
".\Obj\Anwendung.axf" - 0 Error(s), 1 Warning(s).
Build Time Elapsed:  00:00:02
</pre>
</body>
</html>
